<a href="page2">Page 2</a> &gt; <a href="page2/page2_2">Page 2.2</a> &gt; Page 2.2.2