<a href="page2">Page 2</a>foo<a href="page2/page2_3">Page 2.3</a>foo<a href="page2/page2_3/page2_3_3">Page 2.3.3</a>fooPage 2.3.3.1