<a href="page2">Side 2</a> &gt; <a href="page2/page2_3">Side 2.3</a> &gt; <a href="page2/page2_3/page2_3_3">Page 2.3.3</a> &gt; Side 2.3.3.1