<ul class="navigation">
    <li>
        <a id="menu-home" href="home" accesskey="H">Home</a>
    </li>
    <li class="active">
        <a href="contact" accesskey="c">Contact</a>
        <ul>
            <li>
                <a id="menu-privacy" href="contact/privacy">Privacy</a>
            </li>
            <li>
                <a id="menu-imprint" href="contact/imprint" accesskey="i">Imprint</a>
            </li>
        </ul>
    </li>
</ul>