<ul class="navigation">
    <li>
        <a id="menu-home" href="home" rel="nofollow">Home</a>
    </li>
    <li class="active">
        <a href="contact" rel="nofollow" style="font-weight: bold;">Contact</a>
        <ul>
            <li>
                <a id="menu-privacy" href="contact/privacy">Privacy</a>
            </li>
            <li>
                <a id="menu-imprint" href="contact/imprint" rel="nofollow">Imprint</a>
            </li>
        </ul>
    </li>
</ul>