<ul class="navigation">
    <li>
        <a id="test-home" href="home">Home</a>
    </li>
    <li class="active">
        <a href="contact">Contact</a>
        <ul>
            <li>
                <a id="test-privacy" href="contact/privacy">Privacy</a>
            </li>
            <li>
                <a id="test-imprint" href="contact/imprint">Imprint</a>
            </li>
        </ul>
    </li>
</ul>