<ul class="navigation">
    <li class="active">
        <a href="page2/page2_3/page2_3_3/1">Page 2.3.3.1</a>
    </li>
    <li class="active">
        <a href="page2/page2_3/page2_3_3/2">Page 2.3.3.2</a>
    </li>
</ul>